test_ev_no_double_preferred (tests.test_core.C01Numbers.test_ev_no_double_preferred) ... ok
test_fcf_negative_outflow (tests.test_core.C01Numbers.test_fcf_negative_outflow) ... ok
test_fcf_two_capex_categories (tests.test_core.C01Numbers.test_fcf_two_capex_categories) ... ok
test_leverage_hand (tests.test_core.C01Numbers.test_leverage_hand) ... ok
test_margin_pp_not_percent (tests.test_core.C01Numbers.test_margin_pp_not_percent) ... ok
test_negative_ebitda_not_bonus (tests.test_core.C01Numbers.test_negative_ebitda_not_bonus) ... ok
test_negative_ev_not_cheap (tests.test_core.C01Numbers.test_negative_ev_not_cheap) ... ok
test_negative_margin (tests.test_core.C01Numbers.test_negative_margin) ... ok
test_net_cash_rank_saturation (tests.test_core.C01Numbers.test_net_cash_rank_saturation) ... ok
test_net_cash_raw_negative (tests.test_core.C01Numbers.test_net_cash_raw_negative) ... ok
test_nonfinite_and_bool (tests.test_core.C01Numbers.test_nonfinite_and_bool) ... ok
test_roic_hand (tests.test_core.C01Numbers.test_roic_hand) ... ok
test_roic_negative_capital (tests.test_core.C01Numbers.test_roic_negative_capital) ... ok
test_roic_operating_loss_no_fake_tax_credit (tests.test_core.C01Numbers.test_roic_operating_loss_no_fake_tax_credit) ... ok
test_roic_tax_abnormal (tests.test_core.C01Numbers.test_roic_tax_abnormal) ... ok
test_roic_thin_capital (tests.test_core.C01Numbers.test_roic_thin_capital) ... ok
test_yoy_hand (tests.test_core.C01Numbers.test_yoy_hand) ... ok
test_yoy_negative_base (tests.test_core.C01Numbers.test_yoy_negative_base) ... ok
test_yoy_zero_base (tests.test_core.C01Numbers.test_yoy_zero_base) ... ok
test_zero_ev (tests.test_core.C01Numbers.test_zero_ev) ... ok
test_actual_zero_day_weights (tests.test_core.C02Accounting.test_actual_zero_day_weights) ... ok
test_currency_mismatch (tests.test_core.C02Accounting.test_currency_mismatch) ... ok
test_dash_is_missing_not_zero (tests.test_core.C02Accounting.test_dash_is_missing_not_zero) ... ok
test_day_weighted_shares (tests.test_core.C02Accounting.test_day_weighted_shares) ... ok
test_direct_quarter_not_double_subtract (tests.test_core.C02Accounting.test_direct_quarter_not_double_subtract) ... ok
test_issuer_mismatch (tests.test_core.C02Accounting.test_issuer_mismatch) ... ok
test_money_leading_signs (tests.test_core.C02Accounting.test_money_leading_signs) ... ok
test_period_mismatch (tests.test_core.C02Accounting.test_period_mismatch) ... ok
test_scope_mismatch (tests.test_core.C02Accounting.test_scope_mismatch) ... ok
test_ttm_duplicate (tests.test_core.C02Accounting.test_ttm_duplicate) ... ok
test_ttm_four_nonoverlap (tests.test_core.C02Accounting.test_ttm_four_nonoverlap) ... ok
test_ttm_missing_quarter (tests.test_core.C02Accounting.test_ttm_missing_quarter) ... ok
test_ytd_needs_previous (tests.test_core.C02Accounting.test_ytd_needs_previous) ... ok
test_ytd_subtraction (tests.test_core.C02Accounting.test_ytd_subtraction) ... ok
test_zero_real_money (tests.test_core.C02Accounting.test_zero_real_money) ... ok
test_equal_instant_different_timezones_is_not_future (tests.test_core.C03AdversarialTime.test_equal_instant_different_timezones_is_not_future) ... ERROR
test_revision_list_cannot_mix_company (tests.test_core.C03AdversarialTime.test_revision_list_cannot_mix_company) ... ok
test_alphanumeric (tests.test_core.C03TimeAndIdentity.test_alphanumeric) ... ok
test_basis_mismatch (tests.test_core.C03TimeAndIdentity.test_basis_mismatch) ... ok
test_drawdown_positive (tests.test_core.C03TimeAndIdentity.test_drawdown_positive) ... ok
test_future_information_excluded (tests.test_core.C03TimeAndIdentity.test_future_information_excluded) ... ok
test_identity_sql_rejected (tests.test_core.C03TimeAndIdentity.test_identity_sql_rejected) ... ok
test_integer_identity_rejected (tests.test_core.C03TimeAndIdentity.test_integer_identity_rejected) ... ok
test_leading_zero (tests.test_core.C03TimeAndIdentity.test_leading_zero) ... ok
test_momentum_excludes_current_month (tests.test_core.C03TimeAndIdentity.test_momentum_excludes_current_month) ... ok
test_momentum_stale_endpoint (tests.test_core.C03TimeAndIdentity.test_momentum_stale_endpoint) ... ok
test_momentum_too_short_history (tests.test_core.C03TimeAndIdentity.test_momentum_too_short_history) ... ok
test_month_end_anchor_leap (tests.test_core.C03TimeAndIdentity.test_month_end_anchor_leap) ... ok
test_naive_datetime (tests.test_core.C03TimeAndIdentity.test_naive_datetime) ... ok
test_restatement_point_in_time (tests.test_core.C03TimeAndIdentity.test_restatement_point_in_time) ... ok
test_split_adjusted_drawdown (tests.test_core.C03TimeAndIdentity.test_split_adjusted_drawdown) ... ok
test_financials_never_enter_industrial_fallback (tests.test_core.C04Peers.test_financials_never_enter_industrial_fallback) ... ok
test_peer_missing_values_not_counted (tests.test_core.C04Peers.test_peer_missing_values_not_counted) ... ok
test_sector_fallback_is_explicit (tests.test_core.C04Peers.test_sector_fallback_is_explicit) ... ok
test_all_ties_50 (tests.test_core.C04RankProperties.test_all_ties_50) ... ok
test_all_zero_weights (tests.test_core.C04RankProperties.test_all_zero_weights) ... ok
test_default_weights_sum100 (tests.test_core.C04RankProperties.test_default_weights_sum100) ... ok
test_drawdown_low_is_high_score (tests.test_core.C04RankProperties.test_drawdown_low_is_high_score) ... ok
test_filter_does_not_recompute (tests.test_core.C04RankProperties.test_filter_does_not_recompute) ... ok
test_hand_midrank_tie (tests.test_core.C04RankProperties.test_hand_midrank_tie) ... ok
test_lone_stock_no_fake_50 (tests.test_core.C04RankProperties.test_lone_stock_no_fake_50) ... ok
test_missing_not_in_denominator (tests.test_core.C04RankProperties.test_missing_not_in_denominator) ... ok
test_negative_weights (tests.test_core.C04RankProperties.test_negative_weights) ... ok
test_no_active_metrics (tests.test_core.C04RankProperties.test_no_active_metrics) ... ok
test_permutation_invariant_200 (tests.test_core.C04RankProperties.test_permutation_invariant_200) ... ok
test_positive_affine_invariant_200 (tests.test_core.C04RankProperties.test_positive_affine_invariant_200) ... ok
test_unknown_metric (tests.test_core.C04RankProperties.test_unknown_metric) ... ok
test_weight_scale_invariant (tests.test_core.C04RankProperties.test_weight_scale_invariant) ... ok
test_all_missing_0_100 (tests.test_core.C05Missingness.test_all_missing_0_100) ... ok
test_financial_profile_not_silent_zero (tests.test_core.C05Missingness.test_financial_profile_not_silent_zero) ... ok
test_missing_interval_hand (tests.test_core.C05Missingness.test_missing_interval_hand) ... ok
test_one_metric_cannot_be_strong_score (tests.test_core.C05Missingness.test_one_metric_cannot_be_strong_score) ... ok
test_partial_not_sorted_above_complete (tests.test_core.C05Missingness.test_partial_not_sorted_above_complete) ... ok
test_removing_evidence_cannot_raise_lower_1000 (tests.test_core.C05Missingness.test_removing_evidence_cannot_raise_lower_1000) ... ok
test_buy_is_not_probability (tests.test_core.C06Decision.test_buy_is_not_probability) ... ok
test_conflicting_buy_and_sell (tests.test_core.C06Decision.test_conflicting_buy_and_sell) ... ok
test_critical_risk_overrides_score (tests.test_core.C06Decision.test_critical_risk_overrides_score) ... ok
test_freshness_blocks_old_buy (tests.test_core.C06Decision.test_freshness_blocks_old_buy) ... ok
test_known_severe_can_warn_with_incomplete_other_axes (tests.test_core.C06Decision.test_known_severe_can_warn_with_incomplete_other_axes) ... ok
test_missing_evidence (tests.test_core.C06Decision.test_missing_evidence) ... ok
test_no_claimed_performance (tests.test_core.C06Decision.test_no_claimed_performance) ... ok
test_out_of_range_ai_axis (tests.test_core.C06Decision.test_out_of_range_ai_axis) ... ok
test_qualified_buy_review (tests.test_core.C06Decision.test_qualified_buy_review) ... ok
test_unknown_quant_blocks_buy (tests.test_core.C06Decision.test_unknown_quant_blocks_buy) ... ok
test_unknown_risks_blocks_buy (tests.test_core.C06Decision.test_unknown_risks_blocks_buy) ... ok
test_fake_quote (tests.test_core.C07Evidence.test_fake_quote) ... ok
test_forecast_not_actual (tests.test_core.C07Evidence.test_forecast_not_actual) ... ok
test_future_source (tests.test_core.C07Evidence.test_future_source) ... ok
test_mismatched_period (tests.test_core.C07Evidence.test_mismatched_period) ... ok
test_snippet_not_fulltext (tests.test_core.C07Evidence.test_snippet_not_fulltext) ... ok
test_unknown_source (tests.test_core.C07Evidence.test_unknown_source) ... ok
test_valid_quote_structure (tests.test_core.C07Evidence.test_valid_quote_structure) ... ok
test_wrong_company (tests.test_core.C07Evidence.test_wrong_company) ... ok
test_cancel_invalidates_report (tests.test_core.C08Updates.test_cancel_invalidates_report) ... ok
test_checked_today_not_analyzed_today (tests.test_core.C08Updates.test_checked_today_not_analyzed_today) ... ok
test_correction_updates_numbers_and_reports (tests.test_core.C08Updates.test_correction_updates_numbers_and_reports) ... ok
test_financial_revisits_thesis (tests.test_core.C08Updates.test_financial_revisits_thesis) ... ok
test_minor_news_no_forced_ai (tests.test_core.C08Updates.test_minor_news_no_forced_ai) ... ok
test_price_revalues_without_forced_prose (tests.test_core.C08Updates.test_price_revalues_without_forced_prose) ... ok
test_split_updates_dilution_and_prices (tests.test_core.C08Updates.test_split_updates_dilution_and_prices) ... ok
test_unknown_event_not_ignored (tests.test_core.C08Updates.test_unknown_event_not_ignored) ... ok
test_atomic_crash_keeps_previous (tests.test_core.C09Persistence.test_atomic_crash_keeps_previous) ... ok
test_checkpoint_completed_not_requeued (tests.test_core.C09Persistence.test_checkpoint_completed_not_requeued) ... ok
test_corruption_detected (tests.test_core.C09Persistence.test_corruption_detected) ... ok
test_duplicate_event_once (tests.test_core.C09Persistence.test_duplicate_event_once) ... ok
test_lease_fencing (tests.test_core.C09Persistence.test_lease_fencing) ... ok
test_out_of_order_cannot_overwrite (tests.test_core.C09Persistence.test_out_of_order_cannot_overwrite) ... ok
test_pending_bundle_keeps_visible_old_report (tests.test_core.C09Persistence.test_pending_bundle_keeps_visible_old_report) ... ok
test_policy_change_new_job (tests.test_core.C09Persistence.test_policy_change_new_job) ... ok
test_publish_wrong_issuer (tests.test_core.C09Persistence.test_publish_wrong_issuer) ... ok
test_restart_resumes_unfinished (tests.test_core.C09Persistence.test_restart_resumes_unfinished) ... ok
test_stale_ready_rejected (tests.test_core.C09Persistence.test_stale_ready_rejected) ... ok
test_authorized_scope_works (tests.test_core.C10SecurityAndRights.test_authorized_scope_works) ... ok
test_expired_license_rejected (tests.test_core.C10SecurityAndRights.test_expired_license_rejected) ... ok
test_host_suffix_attack (tests.test_core.C10SecurityAndRights.test_host_suffix_attack) ... ok
test_http_rejected (tests.test_core.C10SecurityAndRights.test_http_rejected) ... ok
test_internal_network_rejected (tests.test_core.C10SecurityAndRights.test_internal_network_rejected) ... ok
test_javascript_rejected (tests.test_core.C10SecurityAndRights.test_javascript_rejected) ... ok
test_license_scope_rejected (tests.test_core.C10SecurityAndRights.test_license_scope_rejected) ... ok
test_official_https_allowed (tests.test_core.C10SecurityAndRights.test_official_https_allowed) ... ok
test_unverified_license_rejected (tests.test_core.C10SecurityAndRights.test_unverified_license_rejected) ... ok
test_userinfo_attack (tests.test_core.C10SecurityAndRights.test_userinfo_attack) ... ok
test_auth_not_retried (tests.test_core.C11BudgetAndRetry.test_auth_not_retried) ... ok
test_cost_changed_bound (tests.test_core.C11BudgetAndRetry.test_cost_changed_bound) ... ok
test_cost_hand_hypothetical (tests.test_core.C11BudgetAndRetry.test_cost_hand_hypothetical) ... ok
test_default_zero_no_paid_call (tests.test_core.C11BudgetAndRetry.test_default_zero_no_paid_call) ... ok
test_duplicate_budget_no_second_charge (tests.test_core.C11BudgetAndRetry.test_duplicate_budget_no_second_charge) ... ok
test_limit_enforced (tests.test_core.C11BudgetAndRetry.test_limit_enforced) ... ok
test_rate_limit_respected (tests.test_core.C11BudgetAndRetry.test_rate_limit_respected) ... ok
test_retry_three_only (tests.test_core.C11BudgetAndRetry.test_retry_three_only) ... ok
test_canonical_key_order (tests.test_core.C12PresentationContract.test_canonical_key_order) ... ok
test_exact_ten_slots (tests.test_core.C12PresentationContract.test_exact_ten_slots) ... ok
test_metric_order_is_id_based (tests.test_core.C12PresentationContract.test_metric_order_is_id_based) ... ok
test_no_nan_in_bundle (tests.test_core.C12PresentationContract.test_no_nan_in_bundle) ... ok
test_null_not_zero (tests.test_core.C12PresentationContract.test_null_not_zero) ... ok
test_pp_label (tests.test_core.C12PresentationContract.test_pp_label) ... ok
test_unicode_report_preserved (tests.test_core.C12PresentationContract.test_unicode_report_preserved) ... ok
test_unknown_label_rejected (tests.test_core.C12PresentationContract.test_unknown_label_rejected) ... ok

======================================================================
ERROR: test_equal_instant_different_timezones_is_not_future (tests.test_core.C03AdversarialTime.test_equal_instant_different_timezones_is_not_future)
----------------------------------------------------------------------
Traceback (most recent call last):
  File "/tmp/tmpix2d3l3a/tests/test_core.py", line 284, in test_equal_instant_different_timezones_is_not_future
    self.assertIsNone(verify_claim(c,s,issuer='A',asof='2026-08-14T01:00:00Z'))
                      ~~~~~~~~~~~~^^^^^^^^^^^^^^^^^^^^^^^^^^^^^^^^^^^^^^^^^^^^
  File "/tmp/tmpix2d3l3a/engine/core.py", line 246, in verify_claim
    if source.get('published_at','9999')>asof: raise IntegrityError('FUTURE_SOURCE')
                                               ^^^^^^^^^^^^^^^^^^^^^^^^^^^^^^^^^^^^^
engine.core.IntegrityError: FUTURE_SOURCE

----------------------------------------------------------------------
Ran 138 tests in 0.213s

FAILED (errors=1)
